Build started 07/03/2026 6:22:22 pm.
     1>Project "D:\Projects\dotnet\Softoverse\EntityFrameworkCore.Specification\tests\Softoverse.EntityFrameworkCore.Specification.Tests\Softoverse.EntityFrameworkCore.Specification.Tests.csproj" on node 1 (Restore target(s)).
     1>_GetAllRestoreProjectPathItems:
         Determining projects to restore...
     1>Project "D:\Projects\dotnet\Softoverse\EntityFrameworkCore.Specification\tests\Softoverse.EntityFrameworkCore.Specification.Tests\Softoverse.EntityFrameworkCore.Specification.Tests.csproj" (1) is building "D:\Projects\dotnet\Softoverse\EntityFrameworkCore.Specification\src\Softoverse.EntityFrameworkCore.Specification\Softoverse.EntityFrameworkCore.Specification.csproj" (2:4) on node 1 (_GenerateProjectRestoreGraph target(s)).
     2>AddPrunePackageReferences:
         Loading prune package data from PrunePackageData folder
         Failed to load prune package data from PrunePackageData folder, loading from targeting packs instead
         Looking for targeting packs in C:\Program Files\dotnet\packs\Microsoft.NETCore.App.Ref
         Pack directories found: C:\Program Files\dotnet\packs\Microsoft.NETCore.App.Ref\10.0.2
         Found package overrides file C:\Program Files\dotnet\packs\Microsoft.NETCore.App.Ref\10.0.2\data\PackageOverrides.txt
     2>Done Building Project "D:\Projects\dotnet\Softoverse\EntityFrameworkCore.Specification\src\Softoverse.EntityFrameworkCore.Specification\Softoverse.EntityFrameworkCore.Specification.csproj" (_GenerateProjectRestoreGraph target(s)).
     1>Restore:
         X.509 certificate chain validation will use the default trust store selected by .NET for code signing.
         X.509 certificate chain validation will use the default trust store selected by .NET for timestamping.
         Assets file has not changed. Skipping assets file writing. Path: D:\Projects\dotnet\Softoverse\EntityFrameworkCore.Specification\tests\Softoverse.EntityFrameworkCore.Specification.Tests\obj\project.assets.json
         Assets file has not changed. Skipping assets file writing. Path: D:\Projects\dotnet\Softoverse\EntityFrameworkCore.Specification\src\Softoverse.EntityFrameworkCore.Specification\obj\project.assets.json
         Restored D:\Projects\dotnet\Softoverse\EntityFrameworkCore.Specification\src\Softoverse.EntityFrameworkCore.Specification\Softoverse.EntityFrameworkCore.Specification.csproj (in 37 ms).
         Restored D:\Projects\dotnet\Softoverse\EntityFrameworkCore.Specification\tests\Softoverse.EntityFrameworkCore.Specification.Tests\Softoverse.EntityFrameworkCore.Specification.Tests.csproj (in 37 ms).
         
         NuGet Config files used:
             C:\Users\abir\AppData\Roaming\NuGet\NuGet.Config
             C:\Program Files (x86)\NuGet\Config\Microsoft.VisualStudio.FallbackLocation.config
             C:\Program Files (x86)\NuGet\Config\Microsoft.VisualStudio.Offline.config
         
         Feeds used:
             https://api.nuget.org/v3/index.json
             C:\Program Files (x86)\Microsoft SDKs\NuGetPackages\
         All projects are up-to-date for restore.
     1>Done Building Project "D:\Projects\dotnet\Softoverse\EntityFrameworkCore.Specification\tests\Softoverse.EntityFrameworkCore.Specification.Tests\Softoverse.EntityFrameworkCore.Specification.Tests.csproj" (Restore target(s)).
   1:7>Project "D:\Projects\dotnet\Softoverse\EntityFrameworkCore.Specification\tests\Softoverse.EntityFrameworkCore.Specification.Tests\Softoverse.EntityFrameworkCore.Specification.Tests.csproj" on node 1 (VSTest target(s)).
     1>BuildProject:
         Build started, please wait...
   1:7>Project "D:\Projects\dotnet\Softoverse\EntityFrameworkCore.Specification\tests\Softoverse.EntityFrameworkCore.Specification.Tests\Softoverse.EntityFrameworkCore.Specification.Tests.csproj" (1:7) is building "D:\Projects\dotnet\Softoverse\EntityFrameworkCore.Specification\tests\Softoverse.EntityFrameworkCore.Specification.Tests\Softoverse.EntityFrameworkCore.Specification.Tests.csproj" (1:8) on node 1 (default targets).
     1>_CheckForNETCoreSdkIsPreview:
       C:\Program Files\dotnet\sdk\10.0.200-preview.0.26103.119\Sdks\Microsoft.NET.Sdk\targets\Microsoft.NET.RuntimeIdentifierInference.targets(383,5): message NETSDK1057: You are using a preview version of .NET. See: https://aka.ms/dotnet-support-policy [D:\Projects\dotnet\Softoverse\EntityFrameworkCore.Specification\tests\Softoverse.EntityFrameworkCore.Specification.Tests\Softoverse.EntityFrameworkCore.Specification.Tests.csproj]
   1:8>Project "D:\Projects\dotnet\Softoverse\EntityFrameworkCore.Specification\tests\Softoverse.EntityFrameworkCore.Specification.Tests\Softoverse.EntityFrameworkCore.Specification.Tests.csproj" (1:8) is building "D:\Projects\dotnet\Softoverse\EntityFrameworkCore.Specification\src\Softoverse.EntityFrameworkCore.Specification\Softoverse.EntityFrameworkCore.Specification.csproj" (2:6) on node 1 (default targets).
     2>GenerateTargetFrameworkMonikerAttribute:
       Skipping target "GenerateTargetFrameworkMonikerAttribute" because all output files are up-to-date with respect to the input files.
       CoreGenerateAssemblyInfo:
       Skipping target "CoreGenerateAssemblyInfo" because all output files are up-to-date with respect to the input files.
       _GenerateSourceLinkFile:
         Source Link file 'obj\Debug\net10.0\Softoverse.EntityFrameworkCore.Specification.sourcelink.json' is up-to-date.
       CoreCompile:
       Skipping target "CoreCompile" because all output files are up-to-date with respect to the input files.
       GenerateBuildDependencyFile:
       Skipping target "GenerateBuildDependencyFile" because all output files are up-to-date with respect to the input files.
       CopyFilesToOutputDirectory:
         Softoverse.EntityFrameworkCore.Specification -> D:\Projects\dotnet\Softoverse\EntityFrameworkCore.Specification\src\Softoverse.EntityFrameworkCore.Specification\bin\Debug\net10.0\Softoverse.EntityFrameworkCore.Specification.dll
       GenerateNuspec:
       Skipping target "GenerateNuspec" because all output files are up-to-date with respect to the input files.
     2>Done Building Project "D:\Projects\dotnet\Softoverse\EntityFrameworkCore.Specification\src\Softoverse.EntityFrameworkCore.Specification\Softoverse.EntityFrameworkCore.Specification.csproj" (default targets).
     1>GenerateTargetFrameworkMonikerAttribute:
       Skipping target "GenerateTargetFrameworkMonikerAttribute" because all output files are up-to-date with respect to the input files.
       CoreGenerateAssemblyInfo:
       Skipping target "CoreGenerateAssemblyInfo" because all output files are up-to-date with respect to the input files.
       _GenerateSourceLinkFile:
         Source Link file 'obj\Debug\net10.0\Softoverse.EntityFrameworkCore.Specification.Tests.sourcelink.json' is up-to-date.
       CoreCompile:
       Skipping target "CoreCompile" because all output files are up-to-date with respect to the input files.
       _CopyOutOfDateSourceItemsToOutputDirectory:
       Skipping target "_CopyOutOfDateSourceItemsToOutputDirectory" because all output files are up-to-date with respect to the input files.
       GenerateBuildDependencyFile:
       Skipping target "GenerateBuildDependencyFile" because all output files are up-to-date with respect to the input files.
       GenerateBuildRuntimeConfigurationFiles:
       Skipping target "GenerateBuildRuntimeConfigurationFiles" because all output files are up-to-date with respect to the input files.
       CopyFilesToOutputDirectory:
         Softoverse.EntityFrameworkCore.Specification.Tests -> D:\Projects\dotnet\Softoverse\EntityFrameworkCore.Specification\tests\Softoverse.EntityFrameworkCore.Specification.Tests\bin\Debug\net10.0\Softoverse.EntityFrameworkCore.Specification.Tests.dll
     1>Done Building Project "D:\Projects\dotnet\Softoverse\EntityFrameworkCore.Specification\tests\Softoverse.EntityFrameworkCore.Specification.Tests\Softoverse.EntityFrameworkCore.Specification.Tests.csproj" (default targets).
     1>BuildProject:
         Build completed.
         
Test run for D:\Projects\dotnet\Softoverse\EntityFrameworkCore.Specification\tests\Softoverse.EntityFrameworkCore.Specification.Tests\bin\Debug\net10.0\Softoverse.EntityFrameworkCore.Specification.Tests.dll (.NETCoreApp,Version=v10.0)
A total of 1 test files matched the specified pattern.
[xUnit.net 00:00:00.00] xUnit.net VSTest Adapter v3.1.4+50e68bbb8b (64-bit .NET 10.0.2)
[xUnit.net 00:00:00.05]   Discovering: Softoverse.EntityFrameworkCore.Specification.Tests
[xUnit.net 00:00:00.08]   Discovered:  Softoverse.EntityFrameworkCore.Specification.Tests
[xUnit.net 00:00:00.10]   Starting:    Softoverse.EntityFrameworkCore.Specification.Tests
  Passed Softoverse.EntityFrameworkCore.Specification.Tests.SpecificationGetSetTests.GetQuerySpecification_WhenCriteriaIsSet_ReturnsCriteria [3 ms]
  Passed Softoverse.EntityFrameworkCore.Specification.Tests.SpecificationCloneAndModifyTests.Clone_ThenModifyQuery_DoesNotAffectOriginal [9 ms]
  Passed Softoverse.EntityFrameworkCore.Specification.Tests.SpecificationGetSetTests.InterfaceMethods_WorkThroughISpecification [4 ms]
  Passed Softoverse.EntityFrameworkCore.Specification.Tests.SpecificationGetSetTests.ClearOrderBySpecifications_RemovesAllOrdering [< 1 ms]
  Passed Softoverse.EntityFrameworkCore.Specification.Tests.SpecificationGetSetTests.GetOrderBySpecifications_WhenNoOrderSet_ReturnsEmptyList [< 1 ms]
  Passed Softoverse.EntityFrameworkCore.Specification.Tests.SpecificationCloneAndModifyTests.SetIncludeSpecifications_WithCopiedAndExtendedLists_Works [2 ms]
  Passed Softoverse.EntityFrameworkCore.Specification.Tests.SpecificationGetSetTests.GetIncludeSpecifications_WithStringIncludes_ReturnsCopies [2 ms]
  Passed Softoverse.EntityFrameworkCore.Specification.Tests.SpecificationGetSetTests.SetQuerySpecification_ReplacesCriteria [< 1 ms]
  Passed Softoverse.EntityFrameworkCore.Specification.Tests.SpecificationCloneAndModifyTests.Clone_ModifyAllParts_OriginalIsFullyIntact [1 ms]
  Passed Softoverse.EntityFrameworkCore.Specification.Tests.SpecificationGetSetTests.SetQuerySpecification_WithNull_ClearsCriteria [< 1 ms]
  Passed Softoverse.EntityFrameworkCore.Specification.Tests.SpecificationGetSetTests.GetIncludeSpecifications_MutatingCopy_DoesNotAffectOriginal [< 1 ms]
  Passed Softoverse.EntityFrameworkCore.Specification.Tests.SpecificationCloneAndModifyTests.Clone_PreservesAllParts [< 1 ms]
  Passed Softoverse.EntityFrameworkCore.Specification.Tests.SpecificationGetSetTests.GetQuerySpecification_WhenNoCriteriaSet_ReturnsNull [< 1 ms]
  Passed Softoverse.EntityFrameworkCore.Specification.Tests.SpecificationCloneAndModifyTests.SetOrderBySpecifications_WithCopiedAndExtendedList_Works [< 1 ms]
  Passed Softoverse.EntityFrameworkCore.Specification.Tests.SpecificationGetSetTests.GetOrderBySpecifications_MutatingCopy_DoesNotAffectOriginal [< 1 ms]
  Passed Softoverse.EntityFrameworkCore.Specification.Tests.SpecificationCloneAndModifyTests.Clone_ThenClearQuery_OriginalRetainsQuery [< 1 ms]
  Passed Softoverse.EntityFrameworkCore.Specification.Tests.SpecificationGetSetTests.SetIncludeSpecifications_ReplacesExistingIncludes [< 1 ms]
  Passed Softoverse.EntityFrameworkCore.Specification.Tests.SpecificationCloneAndModifyTests.Clone_ThenModifyIncludes_DoesNotAffectOriginal [< 1 ms]
  Passed Softoverse.EntityFrameworkCore.Specification.Tests.SpecificationGetSetTests.SetOrderBySpecifications_ReplacesExistingOrdering [< 1 ms]
  Passed Softoverse.EntityFrameworkCore.Specification.Tests.SpecificationGetSetTests.GetOrderBySpecifications_ReturnsCurrentOrdering [< 1 ms]
  Passed Softoverse.EntityFrameworkCore.Specification.Tests.SpecificationCloneAndModifyTests.Clone_ThenModifyOrdering_DoesNotAffectOriginal [< 1 ms]
  Passed Softoverse.EntityFrameworkCore.Specification.Tests.SpecificationGetSetTests.GetIncludeSpecifications_WhenNoIncludesSet_ReturnsEmptyLists [< 1 ms]
  Passed Softoverse.EntityFrameworkCore.Specification.Tests.SpecificationGetSetTests.GetIncludeSpecifications_WithExpressionIncludes_ReturnsCopies [< 1 ms]
  Passed Softoverse.EntityFrameworkCore.Specification.Tests.SpecificationGetSetTests.GetIncludeSpecifications_ReturnsCopy_NotSameReference [< 1 ms]
  Passed Softoverse.EntityFrameworkCore.Specification.Tests.SpecificationGetSetTests.ClearIncludeSpecifications_RemovesAllIncludes [< 1 ms]
[xUnit.net 00:00:00.15]   Finished:    Softoverse.EntityFrameworkCore.Specification.Tests
  Passed Softoverse.EntityFrameworkCore.Specification.Tests.SpecificationGetSetTests.GetOrderBySpecifications_ReturnsCopy_NotSameReference [< 1 ms]

Test Run Successful.
Total tests: 26
     Passed: 26
 Total time: 0.4743 Seconds
     1>Done Building Project "D:\Projects\dotnet\Softoverse\EntityFrameworkCore.Specification\tests\Softoverse.EntityFrameworkCore.Specification.Tests\Softoverse.EntityFrameworkCore.Specification.Tests.csproj" (VSTest target(s)).

Build succeeded.
    0 Warning(s)
    0 Error(s)

Time Elapsed 00:00:01.61
